** Drc report for FirstPCB.kicad_pcb **
** Created on 2025-09-08T16:30:31+0530 **

** Found 9 DRC violations **
[silk_over_copper]: Silkscreen clipped by solder mask
    Local override; warning
    @(72.6475 mm, 70.7550 mm): Reference field of J1
[silk_overlap]: Silkscreen overlap
    Rule: board setup constraints silk; warning
    @(67.5300 mm, 65.6100 mm): Segment of U1 on F.Silkscreen
    @(67.7550 mm, 65.3525 mm): Reference field of J4
[silk_overlap]: Silkscreen overlap
    Rule: board setup constraints silk; warning
    @(62.3100 mm, 64.9000 mm): Segment of U1 on F.Silkscreen
    @(67.7550 mm, 65.3525 mm): Reference field of J4
[silk_overlap]: Silkscreen overlap
    Rule: board setup constraints silk; warning
    @(67.7550 mm, 65.3525 mm): Reference field of J4
    @(67.5300 mm, 64.9000 mm): Segment of U1 on F.Silkscreen
[silk_overlap]: Silkscreen overlap
    Rule: board setup constraints silk; warning
    @(61.3800 mm, 80.1000 mm): Segment of J5 on F.Silkscreen
    @(61.4700 mm, 75.1100 mm): Reference field of U1
[silk_overlap]: Silkscreen overlap
    Rule: board setup constraints silk; warning
    @(73.3800 mm, 89.6900 mm): Reference field of R1
    @(73.1600 mm, 85.9800 mm): Segment of J3 on F.Silkscreen
[silk_overlap]: Silkscreen overlap
    Rule: board setup constraints silk; warning
    @(67.9600 mm, 84.9800 mm): Reference field of J3
    @(67.5300 mm, 85.3200 mm): Segment of U1 on F.Silkscreen
[silk_overlap]: Silkscreen overlap
    Rule: board setup constraints silk; warning
    @(67.9600 mm, 84.9800 mm): Reference field of J3
    @(67.5300 mm, 84.6100 mm): Segment of U1 on F.Silkscreen
[silk_overlap]: Silkscreen overlap
    Rule: board setup constraints silk; warning
    @(67.5300 mm, 83.7170 mm): Segment of U1 on F.Silkscreen
    @(67.9600 mm, 84.9800 mm): Reference field of J3

** Found 0 unconnected pads **

** Found 0 Footprint errors **

** End of Report **
